// Jest Snapshot v1, https://goo.gl/fbAQLP

exports[`get all registered forflytninger show registered forflytninger on dom 1`] = `"<div id="main" class="RegistrerForflytning"><header id="head" class="RegistrerForflytning-header"><img id="logo" src="" class="RegistrerForflytning-logo" alt="logo"><div id="form" class="RegistrerForflytning-form"><form><br><label>Identifiser dyrehold:<select required="" name="dyrehold"><option value="" disabled="" selected="">Velg dyrehold ...</option><option value="2512341">Dyrehold 1</option><option value="2512342">Dyrehold 2</option><option value="2512343">Dyrehold 3</option><option value="2512344">Dyrehold 4</option></select><br></label><label>Individ merke(r):<input required="" type="number" name="fra" style="width: 80px;" value="fra">&nbsp;<input required="" type="number" name="til" style="width: 80px;" value="til"></label><br><label>Produksjonsplass:<select id="sted" required="" name="sted"><option value="" disabled="" selected="">Velg produksjonsplass ...</option><option value="1000000">0001-1/1</option><option value="1000001">0001-3/1</option><option value="1000002">0001-2/1</option></select></label><br><input type="submit" name="registrer"></form></div></header></div>"`;
